---
source: src/tui/mod.rs
expression: "render_with(&model, 100, 30, Icons::Nerd)"
---
"╭[1] Workspaces │ Repos─────────╮╭ Main ───────────────────────────────────────────────────────────╮"
"│ default (he╭ Actions │ Legend ────────────────────────────────────────────────────╮             │"
"│ side       │  ↓      behind                                                       │             │"
"│             │Remote                                                                │             │"
"│             │  |      in sync                                                      │             │"
"╰─────────────│  ⇡      ahead: unpushed commits                                      │             │"
"╭[2] Work · de│  ⇣      behind: commits to pull                                      │             │"
"│ ABC-1 2 · 1│  ⇅      diverged                                                     │             │"
"│    api:ABC│Checks                                                                │             │"
"│    web:ABC│        passed                                                       │             │"
"│  api:main │        running                                                      │             │"
"│             │        failed                                                       │             │"
"│             │        unavailable                                                  │             │"
"│             │        dimmed: stale, or a draft                                    │             │"
"│             │Decision                                                              │             │"
"│             │        waiting for approval                                         │             │"
"╰─────────────│        changes requested                                            │             │"
"╭[3] To review│        approved                                                     │             │"
"│   api#2 Cha│Merge                                                                 │             │"
"│   org/other│  ✗      merge conflicts                                              │             │"
"│             │Finished                                                              │─────────────╯"
"│             │        merged into the default branch, row dimmed                   │─────────────╮"
"╰─────────────│        its remote branch was deleted, row dimmed                    │             │"
"╭[4] To do │ I│Command log                                                           │             │"
"│no [tracker] │  ✓      succeeded                                                    │             │"
"│             │  ✗      failed                                                       │             │"
"│             │Hint bar                                                              │             │"
"│             │  ⟳      loading                                                      │             │"
"╰─────────────╰ Tab actions · j/k scroll · Esc close ────────────────────────────────╯─────────────╯"
"Space open · n new · e edit · m move · d remove · x close tab · g open · p pull · f finish · ? actio"
