---
source: src/tui/mod.rs
expression: "render(&model, 120, 30)"
---
"╭[1] Workspaces │ Repos────────────────╮╭ Main ────────────────────────────────────────────────────────────────────────╮"
"│default (here) 1 open                 ││Review    org/api#2                                                           │"
"│side                                  ││Title     Change 2                                                            │"
"│                                      ││Author    alice                                                               │"
"│                                      ││Branch    change-2 → main                                                     │"
"│                                      ││Status    open                                                                │"
"╰──────────────────────────────────────╯│Updated   2026-10-02T00:00:00Z                                                │"
"╭[2] Work · default────────────────────╮│URL       https://forge/api/pull/2                                            │"
"│▾ ABC-1 2 · 1 open                    ││Repo      api                                                                 │"
"│  ● api:ABC-1-login !                 ││Worktree  /src/api                                                            │"
"│  ○ web:ABC-1-form                    ││                                                                              │"
"│○ api:change-2 ↓3                     ││                                                                              │"
"│                                      ││                                                                              │"
"│                                      ││                                                                              │"
"│                                      ││                                                                              │"
"│                                      ││                                                                              │"
"│                                      ││                                                                              │"
"│                                      ││                                                                              │"
"│                                      ││                                                                              │"
"│                                      ││                                                                              │"
"│                                      │╰──────────────────────────────────────────────────────────────────────────────╯"
"╰──────────────────────────────────────╯╭ Command log ─────────────────────────────────────────────────────────────────╮"
"╭[3] To review │ Mine──────────────────╮│✓ git -C /src/api pull --ff-only                                              │"
"│○ api#2 Change 2 @alice               ││                                                                              │"
"│  org/other#1 Change 1 @alice         ││                                                                              │"
"│                                      ││                                                                              │"
"│                                      ││                                                                              │"
"│                                      ││                                                                              │"
"╰──────────────────────────────────────╯╰──────────────────────────────────────────────────────────────────────────────╯"
"Space open · o browse · ? actions · q quit                                                                              "
