---
source: src/tui/mod.rs
expression: "render_with(&model, 120, 16, Icons::Nerd)"
---
"[1] Workspaces │ Repos──────────────────╭ Main ────────────────────────────────────────────────────────────────────────╮"
"╭[2] Work · default────────────────────╮│Repo        api                                                               │"
"│ ABC-1 2 · 1 open                    ││Branch      ABC-1-login                                                       │"
"│  ◐  api:ABC-1-login !               ││Path        /src/api.ABC-1-login                                              │"
"│    web:ABC-1-form                  ││Workspace   default                                                           │"
"│  api:main ↓3                       ││Group       ABC-1                                                             │"
"│                                      ││Issue keys  ABC-1                                                             │"
"│                                      ││Tab          open                                                            │"
"│                                      ││Status      ! dirty +0 -0                                                     │"
"│                                      ││Upstream    none                                                              │"
"│                                      ││Commit      abc1234 Commit ()                                                 │"
"│                                      ││                                                                              │"
"╰──────────────────────────────────────╯│Recent commits                                                                │"
"[3] To review │ Mine────────────────────│abc1234 Add login (2 hours ago, R)                                            │"
"[4] To do │ In progress │ Done──────────╰──────────────────────────────────────────────────────────────────────────────╯"
"Space open · n new · e edit · m move · d remove · x close tab · g open · p pull · f finish · ? actions · q quit   ⟳ run "
