---
source: src/tui/mod.rs
expression: "render(&model, 100, 30)"
---
"╭[1] Workspaces │ Repos─────────╮╭ Main ───────────────────────────────────────────────────────────╮"
"│default (here) 1 open          ││Repo       api                                                   │"
"│side                           ││Branch     ABC-1-login                                           │"
"│                               ││Path       /src/api.ABC-1-login                                  │"
"│                               ││Workspace  default                                               │"
"│             ╭ Actions ─────────────────────────────────────────────────────────────╮             │"
"╰─────────────│Space  open tab · check out review · switch workspace                 │             │"
"╭[2] Work · de│Enter  fold group · focus the main view                               │             │"
"│▾ ABC-1 2 · 1│-      collapse all groups                                            │             │"
"│  ● api:ABC-1│=      expand all groups                                              │             │"
"│  ○ web:ABC-1│n      new worktree · new workspace                                   │             │"
"│○ api:main ↓3│e      edit group · edit repo alias                                   │             │"
"│             │m      move to workspace · set repo workspace                         │             │"
"│             │d      remove                                                         │             │"
"│             │x      close tab                                                      │             │"
"│             │p      pull (git pull --ff-only)                                      │             │"
"│             │o      browse (open in the browser)                                   │             │"
"│             │y      copy path, branch or URL                                       │             │"
"│             │C-o    copy path                                                      │             │"
"│             │/      filter                                                         │             │"
"│             │R      refresh                                                        │─────────────╯"
"╰─────────────│+      next screen mode                                               │─────────────╮"
"╭[3] To review│_      previous screen mode                                           │             │"
"│  api#2 Chang│@      toggle the command log                                         │             │"
"│  org/other#1│q      quit                                                           │             │"
"│             ╰ Enter run · Esc close ───────────────────────────────────────────────╯             │"
"│                               ││                                                                 │"
"│                               ││                                                                 │"
"╰───────────────────────────────╯╰─────────────────────────────────────────────────────────────────╯"
"Space open · n new · e edit · m move · d remove · x close · p pull · ? actions · q quit             "
