---
source: src/tui/mod.rs
expression: "render(&model, 120, 30)"
---
"╭[1] Workspaces │ Repos────────────────╮╭ Main ────────────────────────────────────────────────────────────────────────╮"
"│default (here) 1 open                 ││Summary     none                                                              │"
"│side                                  ││Path        /data/2026-10-02-ideas                                            │"
"│                                      ││Carnet      ✎ open                                                            │"
"│                                      ││Workspace   default                                                           │"
"╰──────────────────────────────────────╯│Group       none                                                              │"
"╭[2] Work │ Carnets · default──────────╮│Issue keys  none                                                              │"
"│▾ ABC-1 3 · 1 open                    ││Tab         ○ closed                                                          │"
"│  ◉ api:ABC-1-login                   ││                                                                              │"
"│  ○ web:ABC-1-form                    ││README                                                                        │"
"│  ○ ✎ 2026-10-01 ABC-1-logs ABC-1     ││# 2026-10-02-ideas                                                            │"
"│○ api:main                            ││                                                                              │"
"│○ ✎ 2026-10-02 ideas                  ││What I found so far, in a paragraph long enough to wrap at the width of the   │"
"│○ ✎ 2026-09-20 old                    ││main view, as glow wraps it.                                                  │"
"│                                      ││                                                                              │"
"│                                      ││                                                                              │"
"╰──────────────────────────────────────╯│                                                                              │"
"╭[3] To review │ Mine──────────────────╮│                                                                              │"
"│  api#2 Change 2 @alice               ││                                                                              │"
"│  org/other#1 Change 1 @alice         ││                                                                              │"
"│                                      │╰──────────────────────────────────────────────────────────────────────────────╯"
"│                                      │╭ Command log ─────────────────────────────────────────────────────────────────╮"
"╰──────────────────────────────────────╯│✓ git -C /src/api pull --ff-only                                              │"
"╭[4] To do │ In progress │ Done────────╮│                                                                              │"
"│no [tracker] configured               ││                                                                              │"
"│                                      ││                                                                              │"
"│                                      ││                                                                              │"
"│                                      ││                                                                              │"
"╰──────────────────────────────────────╯╰──────────────────────────────────────────────────────────────────────────────╯"
"Space open · n new · e edit · m move · d remove · x close tab · c close · g open · p pull · f finish · ? actions · q qui"
