---
source: src/tui/mod.rs
expression: "render_with(&model, 100, 30, Icons::Nerd)"
---
"╭[1] Workspaces │ Repos─────────╮╭ Main ───────────────────────────────────────────────────────────╮"
"│ default (he╭ Actions ─────────────────────────────────────────────────────────────╮             │"
"│ side       │q      quit                                                           │             │"
"│             │Legend                                                                │             │"
"│             │      worktree                                                       │             │"
"╰─────────────│      carnet                                                         │             │"
"╭[2] Work · de│      tab open                                                       │             │"
"│ ABC-1 2 · 1│      tab closed                                                     │             │"
"│    api:ABC│◐      pulling                                                        │             │"
"│    web:ABC│      folded group                                                   │             │"
"│  api:main │      unfolded group                                                 │             │"
"│             │group  a group                                                        │             │"
"│             │KEY-1  an issue key                                                   │             │"
"│             │      CI passed                                                      │             │"
"│             │      CI running                                                     │             │"
"│             │      CI failed                                                      │             │"
"╰─────────────│      merge conflicts                                                │             │"
"╭[3] To review│      changes requested                                              │             │"
"│   api#2 Cha│      approval pending                                               │             │"
"│   org/other│      CI dimmed: stale, or a draft review                            │             │"
"│             │      CI status could not be fetched                                 │─────────────╯"
"│             │!      worktrunk status, as wt list shows it; yellow when dirty       │─────────────╮"
"╰─────────────│↓      behind its upstream                                            │             │"
"╭[4] To do │ I│      finished, the row dimmed: integrated into the default branch   │             │"
"│no [tracker] │      finished, the row dimmed: its upstream branch is gone          │             │"
"│             │✓      command log: the command succeeded                             │             │"
"│             │✗      command log: the command failed                                │             │"
"│             │⟳      hint bar: loading                                              │             │"
"╰─────────────╰ Enter run · Esc close ───────────────────────────────────────────────╯─────────────╯"
"Space open · n new · e edit · m move · d remove · x close tab · g open · p pull · f finish · ? actio"
