---
source: src/tui/mod.rs
expression: "render(&model, 120, 30)"
---
"╭[1] Workspaces │ Repos────────────────╮╭ Main ────────────────────────────────────────────────────────────────────────╮"
"│default (here) 1 open                 ││Carnet      2026-10-01-ABC-1-logs                                             │"
"│side                                  ││Path        /data/2026-10-01-ABC-1-logs                                       │"
"│                                      ││Workspace   default                                                           │"
"│                                      ││Group       ABC-1                                                             │"
"╰──────────────────────────────────────╯│Issue keys  ABC-1, api#4                                                      │"
"╭[2] Work │ Carnets────────────────────╮│Summary     Login fails after the token refresh                               │"
"│● 2026-10-01-ABC-1-logs ABC-1 ABC-1,ap││Tab         ● open                                                            │"
"│○ 2026-08-01-done closed              ││                                                                              │"
"│                                      ││                                                                              │"
"│                                      ││                                                                              │"
"│                                      ││                                                                              │"
"│                                      ││                                                                              │"
"│                                      ││                                                                              │"
"│                                      ││                                                                              │"
"│                                      ││                                                                              │"
"╰──────────────────────────────────────╯│                                                                              │"
"╭[3] To review │ Mine──────────────────╮│                                                                              │"
"│  api#2 Change 2 @alice               ││                                                                              │"
"│  org/other#1 Change 1 @alice         ││                                                                              │"
"│                                      │╰──────────────────────────────────────────────────────────────────────────────╯"
"│                                      │╭ Command log ─────────────────────────────────────────────────────────────────╮"
"╰──────────────────────────────────────╯│✓ git -C /src/api pull --ff-only                                              │"
"╭[4] To do │ In progress │ Done────────╮│                                                                              │"
"│no [tracker] configured               ││                                                                              │"
"│                                      ││                                                                              │"
"│                                      ││                                                                              │"
"│                                      ││                                                                              │"
"╰──────────────────────────────────────╯╰──────────────────────────────────────────────────────────────────────────────╯"
"Space open · x close tab · c close · g open · s search · ? actions · q quit                                             "
